---
source: tui/src/chatwidget/tests.rs
expression: rendered
---
• Waiting for background terminal (0s • esc to …
  └ cargo test -p codex-core -- --exact…

────────────────────────────────────────────────
❯ Ask Codex to do anything
────────────────────────────────────────────────
   GPT 5.3 Codex │ 󰉋 tui │  - · - tokens
