---
source: tui/src/chatwidget/tests.rs
expression: terminal.backend()
---
"                                                                                "
"────────────────────────────────────────────────────────────────────────────────"
"❯ Ask Codex to do anything                                                      "
"────────────────────────────────────────────────────────────────────────────────"
"   GPT 5.3 Codex │ 󰉋 tui │  - · - tokens                                      "
"  Fast on                                                                       "
