---
source: tui/src/chatwidget/tests.rs
expression: rendered
---
• Reviewing 2 approval requests (0s • esc to interrupt)
  └ • rm -rf '/tmp/guardian target 1'
    • rm -rf '/tmp/guardian target 2'

────────────────────────────────────────────────────────────────────────
❯ Ask Codex to do anything
────────────────────────────────────────────────────────────────────────
   GPT 5.3 Codex │ 󰉋 tui │  - · - tokens
